<html>
<body>
<pre>
<h1>礦ision Build Log</h1>
<h2>Tool Versions:</h2>
IDE-Version: μVision V5.14.0.0
Copyright (C) 2015 ARM Ltd and ARM Germany GmbH. All rights reserved.
License Information: KH 2827303015@qq.com, KH, LIC=RC93N-YG28T-RAHDM-XHDP1-JGC96-3U7Q6
 
Tool Versions:
Toolchain:       MDK-ARM Standard  Version: 5.14.0.0
Toolchain Path:  E:\Software\Keil_v5\ARM\ARMCC\Bin
C Compiler:      Armcc.exe V5.05 update 1 (build 106)
Assembler:       Armasm.exe V5.05 update 1 (build 106)
Linker/Locator:  ArmLink.exe V5.05 update 1 (build 106)
Library Manager: ArmAr.exe V5.05 update 1 (build 106)
Hex Converter:   FromElf.exe V5.05 update 1 (build 106)
CPU DLL:         SARMCM3.DLL V5.14.0.0
Dialog DLL:      DCM.DLL V1.13.1.0
Target DLL:      STLink\ST-LINKIII-KEIL_SWO.dll V2.0.14.0_KEIL
Dialog DLL:      TCM.DLL V1.14.4.0
 
<h2>Project:</h2>
E:\Document\日常\研究生\研三上\上传的电源板内容\TIME+DAC+LUT+OUTA\USER\PWM.uvprojx
Project File Date:  01/15/2025

<h2>Output:</h2>
Build target 'PWM'
compiling main.c...
main.c(115): warning:  #167-D: argument of type "char *" is incompatible with parameter of type "uint8_t *"
        OLED_ShowString(0,0,buf,16); //显示字符串
main.c(116): warning:  #167-D: argument of type "char *" is incompatible with parameter of type "uint8_t *"
        OLED_ShowString(0,2,buf1,16); //显示字符串
main.c(117): warning:  #167-D: argument of type "char *" is incompatible with parameter of type "uint8_t *"
        OLED_ShowString(0,4,buf2,16); //显示字符串
main.c(118): warning:  #167-D: argument of type "char *" is incompatible with parameter of type "uint8_t *"
        OLED_ShowString(0,6,buf3,16);
main.c: 4 warnings, 0 errors
compiling stm32f10x_it.c...
compiling system_stm32f10x.c...
compiling led.c...
compiling key.c...
compiling oled.c...
compiling DAC8563.c...
compiling timer.c...
compiling delay.c...
compiling sys.c...
compiling usart.c...
compiling core_cm3.c...
assembling startup_stm32f10x_hd.s...
compiling misc.c...
compiling stm32f10x_gpio.c...
compiling stm32f10x_rcc.c...
compiling stm32f10x_tim.c...
compiling stm32f10x_usart.c...
compiling stm32f10x_dac.c...
compiling stm32f10x_adc.c...
compiling stm32f10x_fsmc.c...
linking...
Program Size: Code=15332 RO-data=2408 RW-data=444 ZI-data=21884  
FromELF: creating hex file...
"..\OBJ\PWM.axf" - 0 Error(s), 4 Warning(s).

<h2>Collection of Component include folders:</h2>
  E:\Document\日常\研究生\研三上\上传的电源板内容\TIME+DAC+LUT+OUTA\USER\RTE
  E:\Software\Keil_v5\ARM\PACK\Keil\STM32F1xx_DFP\2.4.1

<h2>Collection of Component Files used:</h2>
</pre>
</body>
</html>
